Release 14.7 - xst P.20131013 (nt64)
Copyright (c) 1995-2013 Xilinx, Inc.  All rights reserved.
--> Parameter TMPDIR set to xst/projnav.tmp


Total REAL time to Xst completion: 0.00 secs
Total CPU time to Xst completion: 0.16 secs
 
--> Parameter xsthdpdir set to xst


Total REAL time to Xst completion: 0.00 secs
Total CPU time to Xst completion: 0.16 secs
 
--> Reading design: lab1_Top.prj

TABLE OF CONTENTS
  1) Synthesis Options Summary
  2) HDL Parsing
  3) HDL Elaboration
  4) HDL Synthesis
       4.1) HDL Synthesis Report
  5) Advanced HDL Synthesis
       5.1) Advanced HDL Synthesis Report
  6) Low Level Synthesis
  7) Partition Report
  8) Design Summary
       8.1) Primitive and Black Box Usage
       8.2) Device utilization summary
       8.3) Partition Resource Summary
       8.4) Timing Report
            8.4.1) Clock Information
            8.4.2) Asynchronous Control Signals Information
            8.4.3) Timing Summary
            8.4.4) Timing Details
            8.4.5) Cross Clock Domains Report


=========================================================================
*                      Synthesis Options Summary                        *
=========================================================================
---- Source Parameters
Input File Name                    : "lab1_Top.prj"
Ignore Synthesis Constraint File   : NO

---- Target Parameters
Output File Name                   : "lab1_Top"
Output Format                      : NGC
Target Device                      : xc7k160t-2L-fbg676

---- Source Options
Top Module Name                    : lab1_Top
Automatic FSM Extraction           : YES
FSM Encoding Algorithm             : Auto
Safe Implementation                : No
FSM Style                          : LUT
RAM Extraction                     : Yes
RAM Style                          : Auto
ROM Extraction                     : Yes
Shift Register Extraction          : YES
ROM Style                          : Auto
Resource Sharing                   : YES
Asynchronous To Synchronous        : NO
Shift Register Minimum Size        : 2
Use DSP Block                      : Auto
Automatic Register Balancing       : No

---- Target Options
LUT Combining                      : Auto
Reduce Control Sets                : Auto
Add IO Buffers                     : YES
Global Maximum Fanout              : 100000
Add Generic Clock Buffer(BUFG)     : 32
Register Duplication               : YES
Optimize Instantiated Primitives   : NO
Use Clock Enable                   : Auto
Use Synchronous Set                : Auto
Use Synchronous Reset              : Auto
Pack IO Registers into IOBs        : Auto
Equivalent register Removal        : YES

---- General Options
Optimization Goal                  : Speed
Optimization Effort                : 1
Power Reduction                    : NO
Keep Hierarchy                     : No
Netlist Hierarchy                  : As_Optimized
RTL Output                         : Yes
Global Optimization                : AllClockNets
Read Cores                         : YES
Write Timing Constraints           : NO
Cross Clock Analysis               : NO
Hierarchy Separator                : /
Bus Delimiter                      : <>
Case Specifier                     : Maintain
Slice Utilization Ratio            : 100
BRAM Utilization Ratio             : 100
DSP48 Utilization Ratio            : 100
Auto BRAM Packing                  : NO
Slice Utilization Ratio Delta      : 5

---- Other Options
Cores Search Directories           : {"ngc" "ipcore_dir"  }

=========================================================================


=========================================================================
*                          HDL Parsing                                  *
=========================================================================
Analyzing Verilog file "E:\OExp01_MUX\ngc\SSeg7_Dev_IO.v" into library work
Parsing module <SSeg7_Dev>.
Analyzing Verilog file "E:\OExp01_MUX\ngc\SPIO_IO.v" into library work
Parsing module <SPIO>.
Analyzing Verilog file "E:\OExp01_MUX\ngc\SEnter_2_32_IO.v" into library work
Parsing module <SEnter_2_32>.
Analyzing Verilog file "E:\OExp01_MUX\ngc\Seg7_Dev_IO.v" into library work
Parsing module <Seg7_Dev>.
Analyzing Verilog file "E:\OExp01_MUX\ngc\SAnti_jitter_IO.v" into library work
Parsing module <SAnti_jitter>.
Analyzing Verilog file "E:\OExp01_MUX\ngc\PIO_IO.v" into library work
Parsing module <PIO>.
Analyzing Verilog file "E:\OExp01_MUX\ngc\Multi_8CH32_IO.v" into library work
Parsing module <Multi_8CH32>.
Analyzing Verilog file "E:\OExp01_MUX\ngc\clk_div.v" into library work
Parsing module <clk_div>.
Analyzing Verilog file "E:\OExp01_MUX\ipcore_dir\ROM_D.v" into library work
Parsing module <ROM_D>.
Analyzing Verilog file "E:\OExp01_MUX\ipcore_dir\RAM_B.v" into library work
Parsing module <RAM_B>.
Analyzing Verilog file "E:\OExp01_MUX\lab1_Top.vf" into library work
Parsing module <lab1_Top>.

=========================================================================
*                            HDL Elaboration                            *
=========================================================================

Elaborating module <lab1_Top>.

Elaborating module <SEnter_2_32>.
WARNING:HDLCompiler:1499 - "E:\OExp01_MUX\ngc\SEnter_2_32_IO.v" Line 21: Empty module <SEnter_2_32> remains a black box.
WARNING:HDLCompiler:1127 - "E:\OExp01_MUX\lab1_Top.vf" Line 125: Assignment to XLXN_32 ignored, since the identifier is never used

Elaborating module <ROM_D>.
WARNING:HDLCompiler:1499 - "E:\OExp01_MUX\ipcore_dir\ROM_D.v" Line 39: Empty module <ROM_D> remains a black box.

Elaborating module <RAM_B>.
WARNING:HDLCompiler:1499 - "E:\OExp01_MUX\ipcore_dir\RAM_B.v" Line 39: Empty module <RAM_B> remains a black box.

Elaborating module <Multi_8CH32>.
WARNING:HDLCompiler:1499 - "E:\OExp01_MUX\ngc\Multi_8CH32_IO.v" Line 21: Empty module <Multi_8CH32> remains a black box.

Elaborating module <SSeg7_Dev>.
WARNING:HDLCompiler:1499 - "E:\OExp01_MUX\ngc\SSeg7_Dev_IO.v" Line 21: Empty module <SSeg7_Dev> remains a black box.

Elaborating module <SPIO>.
WARNING:HDLCompiler:1499 - "E:\OExp01_MUX\ngc\SPIO_IO.v" Line 21: Empty module <SPIO> remains a black box.

Elaborating module <clk_div>.
WARNING:HDLCompiler:1127 - "E:\OExp01_MUX\lab1_Top.vf" Line 178: Assignment to XLXN_127 ignored, since the identifier is never used
WARNING:HDLCompiler:1127 - "E:\OExp01_MUX\lab1_Top.vf" Line 179: Assignment to XLXN_128 ignored, since the identifier is never used

Elaborating module <SAnti_jitter>.
WARNING:HDLCompiler:1499 - "E:\OExp01_MUX\ngc\SAnti_jitter_IO.v" Line 21: Empty module <SAnti_jitter> remains a black box.
WARNING:HDLCompiler:1127 - "E:\OExp01_MUX\lab1_Top.vf" Line 190: Assignment to XLXN_31 ignored, since the identifier is never used

Elaborating module <Seg7_Dev>.
WARNING:HDLCompiler:1499 - "E:\OExp01_MUX\ngc\Seg7_Dev_IO.v" Line 21: Empty module <Seg7_Dev> remains a black box.

Elaborating module <PIO>.
WARNING:HDLCompiler:1499 - "E:\OExp01_MUX\ngc\PIO_IO.v" Line 21: Empty module <PIO> remains a black box.

Elaborating module <INV>.

Elaborating module <VCC>.
WARNING:HDLCompiler:1127 - "E:\OExp01_MUX\lab1_Top.vf" Line 210: Assignment to V5 ignored, since the identifier is never used

Elaborating module <GND>.
WARNING:HDLCompiler:1127 - "E:\OExp01_MUX\lab1_Top.vf" Line 213: Assignment to N0 ignored, since the identifier is never used
WARNING:HDLCompiler:634 - "E:\OExp01_MUX\lab1_Top.vf" Line 70: Net <XLXN_17[0]> does not have a driver.
WARNING:HDLCompiler:634 - "E:\OExp01_MUX\lab1_Top.vf" Line 73: Net <XLXN_23> does not have a driver.
WARNING:HDLCompiler:634 - "E:\OExp01_MUX\lab1_Top.vf" Line 77: Net <XLXN_33> does not have a driver.
WARNING:HDLCompiler:634 - "E:\OExp01_MUX\lab1_Top.vf" Line 78: Net <XLXN_34> does not have a driver.
WARNING:HDLCompiler:634 - "E:\OExp01_MUX\lab1_Top.vf" Line 79: Net <XLXN_35> does not have a driver.
WARNING:HDLCompiler:634 - "E:\OExp01_MUX\lab1_Top.vf" Line 80: Net <XLXN_36> does not have a driver.
WARNING:HDLCompiler:634 - "E:\OExp01_MUX\lab1_Top.vf" Line 81: Net <XLXN_37[31]> does not have a driver.
WARNING:HDLCompiler:634 - "E:\OExp01_MUX\lab1_Top.vf" Line 87: Net <XLXN_58> does not have a driver.
WARNING:HDLCompiler:634 - "E:\OExp01_MUX\lab1_Top.vf" Line 88: Net <XLXN_86[31]> does not have a driver.
WARNING:HDLCompiler:634 - "E:\OExp01_MUX\lab1_Top.vf" Line 89: Net <XLXN_88[2]> does not have a driver.
WARNING:HDLCompiler:634 - "E:\OExp01_MUX\lab1_Top.vf" Line 90: Net <XLXN_89> does not have a driver.
WARNING:HDLCompiler:634 - "E:\OExp01_MUX\lab1_Top.vf" Line 91: Net <XLXN_90> does not have a driver.
WARNING:HDLCompiler:634 - "E:\OExp01_MUX\lab1_Top.vf" Line 92: Net <XLXN_91[31]> does not have a driver.
WARNING:HDLCompiler:634 - "E:\OExp01_MUX\lab1_Top.vf" Line 93: Net <XLXN_93[7]> does not have a driver.
WARNING:HDLCompiler:634 - "E:\OExp01_MUX\lab1_Top.vf" Line 94: Net <XLXN_94[7]> does not have a driver.
WARNING:HDLCompiler:634 - "E:\OExp01_MUX\lab1_Top.vf" Line 95: Net <XLXN_105> does not have a driver.
WARNING:HDLCompiler:634 - "E:\OExp01_MUX\lab1_Top.vf" Line 96: Net <XLXN_121> does not have a driver.
WARNING:HDLCompiler:634 - "E:\OExp01_MUX\lab1_Top.vf" Line 98: Net <XLXN_124[9]> does not have a driver.
WARNING:HDLCompiler:634 - "E:\OExp01_MUX\lab1_Top.vf" Line 101: Net <XLXN_132[63]> does not have a driver.
WARNING:HDLCompiler:634 - "E:\OExp01_MUX\lab1_Top.vf" Line 102: Net <XLXN_133[63]> does not have a driver.
WARNING:HDLCompiler:634 - "E:\OExp01_MUX\lab1_Top.vf" Line 103: Net <XLXN_134[31]> does not have a driver.
WARNING:HDLCompiler:634 - "E:\OExp01_MUX\lab1_Top.vf" Line 104: Net <XLXN_135[31]> does not have a driver.
WARNING:HDLCompiler:634 - "E:\OExp01_MUX\lab1_Top.vf" Line 105: Net <XLXN_136[31]> does not have a driver.
WARNING:HDLCompiler:634 - "E:\OExp01_MUX\lab1_Top.vf" Line 106: Net <XLXN_137[31]> does not have a driver.
WARNING:HDLCompiler:634 - "E:\OExp01_MUX\lab1_Top.vf" Line 107: Net <XLXN_138> does not have a driver.
WARNING:HDLCompiler:634 - "E:\OExp01_MUX\lab1_Top.vf" Line 108: Net <XLXN_139> does not have a driver.
WARNING:HDLCompiler:634 - "E:\OExp01_MUX\lab1_Top.vf" Line 109: Net <XLXN_140> does not have a driver.
WARNING:HDLCompiler:634 - "E:\OExp01_MUX\lab1_Top.vf" Line 110: Net <XLXN_141> does not have a driver.
WARNING:HDLCompiler:634 - "E:\OExp01_MUX\lab1_Top.vf" Line 111: Net <XLXN_142> does not have a driver.
WARNING:HDLCompiler:634 - "E:\OExp01_MUX\lab1_Top.vf" Line 112: Net <XLXN_143> does not have a driver.
WARNING:Xst:2972 - "E:\OExp01_MUX\lab1_Top.vf" line 175. All outputs of instance <U8> of block <clk_div> are unconnected in block <lab1_Top>. Underlying logic will be removed.

=========================================================================
*                           HDL Synthesis                               *
=========================================================================

Synthesizing Unit <lab1_Top>.
    Related source file is "E:\OExp01_MUX\lab1_Top.vf".
INFO:Xst:3210 - "E:\OExp01_MUX\lab1_Top.vf" line 118: Output port <blink> of the instance <M4> is unconnected or connected to loadless signal.
INFO:Xst:3210 - "E:\OExp01_MUX\lab1_Top.vf" line 163: Output port <counter_set> of the instance <U7> is unconnected or connected to loadless signal.
INFO:Xst:3210 - "E:\OExp01_MUX\lab1_Top.vf" line 163: Output port <LED_out> of the instance <U7> is unconnected or connected to loadless signal.
INFO:Xst:3210 - "E:\OExp01_MUX\lab1_Top.vf" line 163: Output port <GPIOf0> of the instance <U7> is unconnected or connected to loadless signal.
INFO:Xst:3210 - "E:\OExp01_MUX\lab1_Top.vf" line 175: Output port <clkdiv> of the instance <U8> is unconnected or connected to loadless signal.
INFO:Xst:3210 - "E:\OExp01_MUX\lab1_Top.vf" line 175: Output port <Clk_CPU> of the instance <U8> is unconnected or connected to loadless signal.
INFO:Xst:3210 - "E:\OExp01_MUX\lab1_Top.vf" line 180: Output port <pulse_out> of the instance <U9> is unconnected or connected to loadless signal.
INFO:Xst:3210 - "E:\OExp01_MUX\lab1_Top.vf" line 201: Output port <counter_set> of the instance <U71> is unconnected or connected to loadless signal.
INFO:Xst:3210 - "E:\OExp01_MUX\lab1_Top.vf" line 201: Output port <GPIOf0> of the instance <U71> is unconnected or connected to loadless signal.
WARNING:Xst:653 - Signal <XLXN_17> is used but never assigned. This sourceless signal will be automatically connected to value GND.
WARNING:Xst:653 - Signal <XLXN_37> is used but never assigned. This sourceless signal will be automatically connected to value GND.
WARNING:Xst:653 - Signal <XLXN_86> is used but never assigned. This sourceless signal will be automatically connected to value GND.
WARNING:Xst:653 - Signal <XLXN_88> is used but never assigned. This sourceless signal will be automatically connected to value GND.
WARNING:Xst:653 - Signal <XLXN_91> is used but never assigned. This sourceless signal will be automatically connected to value GND.
WARNING:Xst:653 - Signal <XLXN_93> is used but never assigned. This sourceless signal will be automatically connected to value GND.
WARNING:Xst:653 - Signal <XLXN_94> is used but never assigned. This sourceless signal will be automatically connected to value GND.
WARNING:Xst:653 - Signal <XLXN_124> is used but never assigned. This sourceless signal will be automatically connected to value GND.
WARNING:Xst:653 - Signal <XLXN_132> is used but never assigned. This sourceless signal will be automatically connected to value GND.
WARNING:Xst:653 - Signal <XLXN_133> is used but never assigned. This sourceless signal will be automatically connected to value GND.
WARNING:Xst:653 - Signal <XLXN_134> is used but never assigned. This sourceless signal will be automatically connected to value GND.
WARNING:Xst:653 - Signal <XLXN_135> is used but never assigned. This sourceless signal will be automatically connected to value GND.
WARNING:Xst:653 - Signal <XLXN_136> is used but never assigned. This sourceless signal will be automatically connected to value GND.
WARNING:Xst:653 - Signal <XLXN_137> is used but never assigned. This sourceless signal will be automatically connected to value GND.
WARNING:Xst:653 - Signal <XLXN_23> is used but never assigned. This sourceless signal will be automatically connected to value GND.
WARNING:Xst:653 - Signal <XLXN_33> is used but never assigned. This sourceless signal will be automatically connected to value GND.
WARNING:Xst:653 - Signal <XLXN_34> is used but never assigned. This sourceless signal will be automatically connected to value GND.
WARNING:Xst:653 - Signal <XLXN_35> is used but never assigned. This sourceless signal will be automatically connected to value GND.
WARNING:Xst:653 - Signal <XLXN_36> is used but never assigned. This sourceless signal will be automatically connected to value GND.
WARNING:Xst:653 - Signal <XLXN_58> is used but never assigned. This sourceless signal will be automatically connected to value GND.
WARNING:Xst:653 - Signal <XLXN_89> is used but never assigned. This sourceless signal will be automatically connected to value GND.
WARNING:Xst:653 - Signal <XLXN_90> is used but never assigned. This sourceless signal will be automatically connected to value GND.
WARNING:Xst:653 - Signal <XLXN_105> is used but never assigned. This sourceless signal will be automatically connected to value GND.
WARNING:Xst:653 - Signal <XLXN_121> is used but never assigned. This sourceless signal will be automatically connected to value GND.
WARNING:Xst:653 - Signal <XLXN_138> is used but never assigned. This sourceless signal will be automatically connected to value GND.
WARNING:Xst:653 - Signal <XLXN_139> is used but never assigned. This sourceless signal will be automatically connected to value GND.
WARNING:Xst:653 - Signal <XLXN_140> is used but never assigned. This sourceless signal will be automatically connected to value GND.
WARNING:Xst:653 - Signal <XLXN_141> is used but never assigned. This sourceless signal will be automatically connected to value GND.
WARNING:Xst:653 - Signal <XLXN_142> is used but never assigned. This sourceless signal will be automatically connected to value GND.
WARNING:Xst:653 - Signal <XLXN_143> is used but never assigned. This sourceless signal will be automatically connected to value GND.
    Summary:
	no macro.
Unit <lab1_Top> synthesized.

=========================================================================
HDL Synthesis Report

Found no macro
=========================================================================

=========================================================================
*                       Advanced HDL Synthesis                          *
=========================================================================

Reading core <ngc/SAnti_jitter.ngc>.
Reading core <ngc/SEnter_2_32.ngc>.
Reading core <ngc/Multi_8CH32.ngc>.
Reading core <ngc/SSeg7_Dev.ngc>.
Reading core <ipcore_dir/RAM_B.ngc>.
Reading core <ipcore_dir/ROM_D.ngc>.
Reading core <ngc/SPIO.ngc>.
Reading core <ngc/Seg7_Dev.ngc>.
Reading core <ngc/PIO.ngc>.
Loading core <SAnti_jitter> for timing and area information for instance <U9>.
Loading core <SEnter_2_32> for timing and area information for instance <M4>.
Loading core <Multi_8CH32> for timing and area information for instance <U5>.
Loading core <SSeg7_Dev> for timing and area information for instance <U6>.
Loading core <RAM_B> for timing and area information for instance <U3>.
Loading core <ROM_D> for timing and area information for instance <U2>.
Loading core <SPIO> for timing and area information for instance <U7>.
Loading core <Seg7_Dev> for timing and area information for instance <U61>.
Loading core <PIO> for timing and area information for instance <U71>.

=========================================================================
Advanced HDL Synthesis Report

Found no macro
=========================================================================

=========================================================================
*                         Low Level Synthesis                           *
=========================================================================

Optimizing unit <lab1_Top> ...

Mapping all equations...
Building and optimizing final netlist ...
Found area constraint ratio of 100 (+ 5) on block lab1_Top, actual ratio is 0.

Final Macro Processing ...

=========================================================================
Final Register Report

Found no macro
=========================================================================

=========================================================================
*                           Partition Report                            *
=========================================================================

Partition Implementation Status
-------------------------------

  No Partitions were found in this design.

-------------------------------

=========================================================================
*                            Design Summary                             *
=========================================================================

Top Level Output File Name         : lab1_Top.ngc

Primitive and Black Box Usage:
------------------------------
# BELS                             : 1354
#      AND2                        : 10
#      AND3                        : 99
#      AND4                        : 81
#      GND                         : 3
#      INV                         : 58
#      LUT1                        : 66
#      LUT2                        : 40
#      LUT3                        : 146
#      LUT4                        : 83
#      LUT5                        : 92
#      LUT6                        : 329
#      MUXCY                       : 90
#      MUXF7                       : 58
#      OR2                         : 63
#      OR3                         : 27
#      OR4                         : 36
#      VCC                         : 4
#      XORCY                       : 69
# FlipFlops/Latches                : 411
#      FD                          : 189
#      FDC                         : 14
#      FDCE                        : 4
#      FDCE_1                      : 22
#      FDE                         : 111
#      FDE_1                       : 36
#      FDPE_1                      : 6
#      FDRE                        : 29
# RAMS                             : 1
#      RAMB36E1                    : 1
# Clock Buffers                    : 2
#      BUFG                        : 1
#      BUFGP                       : 1
# IO Buffers                       : 58
#      IBUF                        : 21
#      OBUF                        : 37

Device utilization summary:
---------------------------

Selected Device : 7k160tfbg676-2l 


Slice Logic Utilization: 
 Number of Slice Registers:             411  out of  202800     0%  
 Number of Slice LUTs:                  814  out of  101400     0%  
    Number used as Logic:               814  out of  101400     0%  

Slice Logic Distribution: 
 Number of LUT Flip Flop pairs used:    957
   Number with an unused Flip Flop:     546  out of    957    57%  
   Number with an unused LUT:           143  out of    957    14%  
   Number of fully used LUT-FF pairs:   268  out of    957    28%  
   Number of unique control sets:        22

IO Utilization: 
 Number of IOs:                          59
 Number of bonded IOBs:                  59  out of    400    14%  

Specific Feature Utilization:
 Number of Block RAM/FIFO:                1  out of    325     0%  
    Number using Block RAM only:          1
 Number of BUFG/BUFGCTRLs:                2  out of     32     6%  

---------------------------
Partition Resource Summary:
---------------------------

  No Partitions were found in this design.

---------------------------


=========================================================================
Timing Report

NOTE: THESE TIMING NUMBERS ARE ONLY A SYNTHESIS ESTIMATE.
      FOR ACCURATE TIMING INFORMATION PLEASE REFER TO THE TRACE REPORT
      GENERATED AFTER PLACE-and-ROUTE.

Clock Information:
------------------
-----------------------------------+------------------------+-------+
Clock Signal                       | Clock buffer(FF name)  | Load  |
-----------------------------------+------------------------+-------+
clk_100mhz                         | BUFGP                  | 278   |
U9/clk1                            | BUFG                   | 41    |
M4/push(M4/push1:O)                | NONE(*)(M4/state_0)    | 3     |
XLXN_17<1>                         | NONE(U7/counter_set_0) | 90    |
-----------------------------------+------------------------+-------+
(*) This 1 clock signal(s) are generated by combinatorial logic,
and XST is not able to identify which are the primary clock signals.
Please use the CLOCK_SIGNAL constraint to specify the clock signal(s) generated by combinatorial logic.
INFO:Xst:2169 - HDL ADVISOR - Some clock signals were not automatically buffered by XST with BUFG/BUFR resources. Please use the buffer_type constraint in order to insert these buffers to the clock signals to help prevent skew problems.

Asynchronous Control Signals Information:
----------------------------------------
-----------------------------------+-------------------------------------------------------------------------------------------------------------------------------------------+-------+
Control Signal                     | Buffer(FF name)                                                                                                                           | Load  |
-----------------------------------+-------------------------------------------------------------------------------------------------------------------------------------------+-------+
U3/N1(U3/XST_GND:G)                | NONE(U3/U0/xst_blk_mem_generator/gnativebmg.native_blk_mem_gen/valid.cstr/ramloop[0].ram.r/v6_noinit.ram/NO_BMM_INFO.SP.SIMPLE_PRIM36.ram)| 2     |
-----------------------------------+-------------------------------------------------------------------------------------------------------------------------------------------+-------+

Timing Summary:
---------------
Speed Grade: -2

   Minimum period: 4.562ns (Maximum Frequency: 219.186MHz)
   Minimum input arrival time before clock: 2.109ns
   Maximum output required time after clock: 0.658ns
   Maximum combinational path delay: No path found

Timing Details:
---------------
All values displayed in nanoseconds (ns)

=========================================================================
Timing constraint: Default period analysis for Clock 'clk_100mhz'
  Clock period: 4.562ns (frequency: 219.186MHz)
  Total number of paths / destination ports: 12454 / 290
-------------------------------------------------------------------------
Delay:               4.562ns (Levels of Logic = 10)
  Source:            U9/SW_OK_6 (FF)
  Destination:       U6/M2/buffer_60 (FF)
  Source Clock:      clk_100mhz rising
  Destination Clock: clk_100mhz rising

  Data Path: U9/SW_OK_6 to U6/M2/buffer_60
                                Gate     Net
    Cell:in->out      fanout   Delay   Delay  Logical Name (Net Name)
    ----------------------------------------  ------------
     FDE:C->Q            109   0.236   0.757  SW_OK_6 (SW_OK<6>)
     end scope: 'U9:SW_OK<6>'
     begin scope: 'U5:Test<1>'
     LUT6:I0->O            1   0.043   0.000  MUX1_DispData/Mmux_o_3 (MUX1_DispData/Mmux_o_3)
     MUXF7:I1->O          14   0.178   0.411  MUX1_DispData/Mmux_o_2_f7 (Disp_num<0>)
     end scope: 'U5:Disp_num<0>'
     begin scope: 'U6:Hexs<0>'
     INV:I->O              6   0.054   0.641  SM1/HTS7/MSEG/XLXI_4 (SM1/HTS7/MSEG/XLXN_24)
     AND4:I0->O            1   0.043   0.613  SM1/HTS7/MSEG/XLXI_28 (SM1/HTS7/MSEG/XLXN_141)
     OR4:I0->O             1   0.043   0.603  SM1/HTS7/MSEG/XLXI_29 (SM1/HTS7/MSEG/XLXN_211)
     OR2:I1->O             1   0.043   0.405  SM1/HTS7/MSEG/XLXI_50 (XLXN_390<60>)
     LUT6:I4->O            1   0.043   0.405  M2/mux12011 (M2/state[1]_GND_3_o_wide_mux_15_OUT<60>)
     LUT3:I1->O            1   0.043   0.000  M2/buffer_60_rstpot (M2/buffer_60_rstpot)
     FD:D                     -0.000          M2/buffer_60
    ----------------------------------------
    Total                      4.562ns (0.726ns logic, 3.836ns route)
                                       (15.9% logic, 84.1% route)

=========================================================================
Timing constraint: Default period analysis for Clock 'U9/clk1'
  Clock period: 2.152ns (frequency: 464.587MHz)
  Total number of paths / destination ports: 1454 / 90
-------------------------------------------------------------------------
Delay:               2.152ns (Levels of Logic = 7)
  Source:            U9/counter_8 (FF)
  Destination:       U9/Key_x_0 (FF)
  Source Clock:      U9/clk1 rising
  Destination Clock: U9/clk1 rising

  Data Path: U9/counter_8 to U9/Key_x_0
                                Gate     Net
    Cell:in->out      fanout   Delay   Delay  Logical Name (Net Name)
    ----------------------------------------  ------------
     FDRE:C->Q             3   0.236   0.615  counter_8 (counter<8>)
     LUT5:I0->O            1   0.043   0.000  Mcompar_counter[31]_GND_1_o_LessThan_5_o_lut<0> (Mcompar_counter[31]_GND_1_o_LessThan_5_o_lut<0>)
     MUXCY:S->O            1   0.238   0.000  Mcompar_counter[31]_GND_1_o_LessThan_5_o_cy<0> (Mcompar_counter[31]_GND_1_o_LessThan_5_o_cy<0>)
     MUXCY:CI->O           1   0.013   0.000  Mcompar_counter[31]_GND_1_o_LessThan_5_o_cy<1> (Mcompar_counter[31]_GND_1_o_LessThan_5_o_cy<1>)
     MUXCY:CI->O           1   0.013   0.000  Mcompar_counter[31]_GND_1_o_LessThan_5_o_cy<2> (Mcompar_counter[31]_GND_1_o_LessThan_5_o_cy<2>)
     MUXCY:CI->O           1   0.013   0.000  Mcompar_counter[31]_GND_1_o_LessThan_5_o_cy<3> (Mcompar_counter[31]_GND_1_o_LessThan_5_o_cy<3>)
     MUXCY:CI->O           8   0.013   0.378  Mcompar_counter[31]_GND_1_o_LessThan_5_o_cy<4> (Mcompar_counter[31]_GND_1_o_LessThan_5_o_cy<4>)
     INV:I->O              7   0.054   0.373  _n0225_inv1_cepot_INV_0 (_n0225_inv1_cepot)
     FDE:CE                    0.161          Key_x_0
    ----------------------------------------
    Total                      2.152ns (0.786ns logic, 1.366ns route)
                                       (36.5% logic, 63.5% route)

=========================================================================
Timing constraint: Default period analysis for Clock 'M4/push'
  Clock period: 1.069ns (frequency: 935.060MHz)
  Total number of paths / destination ports: 6 / 3
-------------------------------------------------------------------------
Delay:               1.069ns (Levels of Logic = 1)
  Source:            M4/state_0 (FF)
  Destination:       M4/state_0 (FF)
  Source Clock:      M4/push rising
  Destination Clock: M4/push rising

  Data Path: M4/state_0 to M4/state_0
                                Gate     Net
    Cell:in->out      fanout   Delay   Delay  Logical Name (Net Name)
    ----------------------------------------  ------------
     FDE:C->Q             19   0.236   0.440  state_0 (state<0>)
     INV:I->O              1   0.054   0.339  Result<0>1_INV_0 (Result<0>)
     FDE:D                    -0.000          state_0
    ----------------------------------------
    Total                      1.069ns (0.290ns logic, 0.779ns route)
                                       (27.1% logic, 72.9% route)

=========================================================================
Timing constraint: Default period analysis for Clock 'XLXN_17<1>'
  Clock period: 1.876ns (frequency: 533.120MHz)
  Total number of paths / destination ports: 280 / 45
-------------------------------------------------------------------------
Delay:               1.876ns (Levels of Logic = 2)
  Source:            U7/P2S_led/s_clk (FF)
  Destination:       U7/P2S_led/buffer_15 (FF)
  Source Clock:      XLXN_17<1> rising
  Destination Clock: XLXN_17<1> rising

  Data Path: U7/P2S_led/s_clk to U7/P2S_led/buffer_15
                                Gate     Net
    Cell:in->out      fanout   Delay   Delay  Logical Name (Net Name)
    ----------------------------------------  ------------
     FDC:C->Q              4   0.236   0.620  P2S_led/s_clk (led_clk)
     LUT5:I0->O            1   0.043   0.350  P2S_led/_n0103_inv1 (P2S_led/_n0103_inv1)
     LUT6:I5->O           16   0.043   0.422  P2S_led/_n0103_inv2 (P2S_led/_n0103_inv)
     FDE:CE                    0.161          P2S_led/buffer_0
    ----------------------------------------
    Total                      1.876ns (0.483ns logic, 1.393ns route)
                                       (25.7% logic, 74.3% route)

=========================================================================
Timing constraint: Default OFFSET IN BEFORE for Clock 'clk_100mhz'
  Total number of paths / destination ports: 1195 / 100
-------------------------------------------------------------------------
Offset:              2.089ns (Levels of Logic = 10)
  Source:            SW<2> (PAD)
  Destination:       U9/SW_OK_0 (FF)
  Destination Clock: clk_100mhz rising

  Data Path: SW<2> to U9/SW_OK_0
                                Gate     Net
    Cell:in->out      fanout   Delay   Delay  Logical Name (Net Name)
    ----------------------------------------  ------------
     IBUF:I->O             3   0.000   0.625  SW_2_IBUF (SW_2_IBUF)
     begin scope: 'U9:SW<2>'
     LUT6:I0->O            1   0.043   0.000  Mcompar_sw_temp[15]_SW[15]_not_equal_100_o_lut<0> (Mcompar_sw_temp[15]_SW[15]_not_equal_100_o_lut<0>)
     MUXCY:S->O            1   0.238   0.000  Mcompar_sw_temp[15]_SW[15]_not_equal_100_o_cy<0> (Mcompar_sw_temp[15]_SW[15]_not_equal_100_o_cy<0>)
     MUXCY:CI->O           1   0.013   0.000  Mcompar_sw_temp[15]_SW[15]_not_equal_100_o_cy<1> (Mcompar_sw_temp[15]_SW[15]_not_equal_100_o_cy<1>)
     MUXCY:CI->O           1   0.013   0.000  Mcompar_sw_temp[15]_SW[15]_not_equal_100_o_cy<2> (Mcompar_sw_temp[15]_SW[15]_not_equal_100_o_cy<2>)
     MUXCY:CI->O           1   0.013   0.000  Mcompar_sw_temp[15]_SW[15]_not_equal_100_o_cy<3> (Mcompar_sw_temp[15]_SW[15]_not_equal_100_o_cy<3>)
     MUXCY:CI->O           1   0.013   0.000  Mcompar_sw_temp[15]_SW[15]_not_equal_100_o_cy<4> (Mcompar_sw_temp[15]_SW[15]_not_equal_100_o_cy<4>)
     MUXCY:CI->O          43   0.013   0.471  Mcompar_sw_temp[15]_SW[15]_not_equal_100_o_cy<5> (sw_temp[15]_SW[15]_not_equal_100_o)
     INV:I->O             17   0.054   0.429  _n0243_inv1_cepot_cepot_INV_0 (_n0243_inv1_cepot_cepot)
     FDE:CE                    0.161          SW_OK_0
    ----------------------------------------
    Total                      2.089ns (0.563ns logic, 1.525ns route)
                                       (27.0% logic, 73.0% route)

=========================================================================
Timing constraint: Default OFFSET IN BEFORE for Clock 'U9/clk1'
  Total number of paths / destination ports: 176 / 41
-------------------------------------------------------------------------
Offset:              2.109ns (Levels of Logic = 6)
  Source:            BTN_y<3> (PAD)
  Destination:       U9/Key_x_1 (FF)
  Destination Clock: U9/clk1 rising

  Data Path: BTN_y<3> to U9/Key_x_1
                                Gate     Net
    Cell:in->out      fanout   Delay   Delay  Logical Name (Net Name)
    ----------------------------------------  ------------
     IBUF:I->O             6   0.000   0.550  BTN_y_3_IBUF (BTN_y_3_IBUF)
     begin scope: 'U9:Key_y<3>'
     LUT4:I0->O           12   0.043   0.674  out1 (n0016)
     LUT6:I0->O            3   0.043   0.362  _n0295<0>1 (_n0295<0>)
     LUT6:I5->O            1   0.043   0.350  Key_x[4]_PWR_1_o_select_74_OUT<1>1 (Key_x[4]_PWR_1_o_select_74_OUT<4>)
     LUT3:I2->O            1   0.043   0.000  Key_x_4_dpot (Key_x_4_dpot)
     FDE:D                    -0.000          Key_x_4
    ----------------------------------------
    Total                      2.109ns (0.172ns logic, 1.937ns route)
                                       (8.2% logic, 91.8% route)

=========================================================================
Timing constraint: Default OFFSET OUT AFTER for Clock 'U9/clk1'
  Total number of paths / destination ports: 6 / 6
-------------------------------------------------------------------------
Offset:              0.658ns (Levels of Logic = 2)
  Source:            U9/Key_x_4 (FF)
  Destination:       BTN_x<4> (PAD)
  Source Clock:      U9/clk1 rising

  Data Path: U9/Key_x_4 to BTN_x<4>
                                Gate     Net
    Cell:in->out      fanout   Delay   Delay  Logical Name (Net Name)
    ----------------------------------------  ------------
     FDE:C->Q             16   0.236   0.422  Key_x_4 (Key_x<4>)
     end scope: 'U9:Key_x<4>'
     OBUF:I->O                 0.000          BTN_x_4_OBUF (BTN_x<4>)
    ----------------------------------------
    Total                      0.658ns (0.236ns logic, 0.422ns route)
                                       (35.8% logic, 64.2% route)

=========================================================================
Timing constraint: Default OFFSET OUT AFTER for Clock 'XLXN_17<1>'
  Total number of paths / destination ports: 11 / 11
-------------------------------------------------------------------------
Offset:              0.592ns (Levels of Logic = 2)
  Source:            U7/P2S_led/s_clk (FF)
  Destination:       led_clk (PAD)
  Source Clock:      XLXN_17<1> rising

  Data Path: U7/P2S_led/s_clk to led_clk
                                Gate     Net
    Cell:in->out      fanout   Delay   Delay  Logical Name (Net Name)
    ----------------------------------------  ------------
     FDC:C->Q              4   0.236   0.356  P2S_led/s_clk (led_clk)
     end scope: 'U7:led_clk'
     OBUF:I->O                 0.000          led_clk_OBUF (led_clk)
    ----------------------------------------
    Total                      0.592ns (0.236ns logic, 0.356ns route)
                                       (39.9% logic, 60.1% route)

=========================================================================
Timing constraint: Default OFFSET OUT AFTER for Clock 'clk_100mhz'
  Total number of paths / destination ports: 5 / 5
-------------------------------------------------------------------------
Offset:              0.625ns (Levels of Logic = 2)
  Source:            U6/M2/s_clk (FF)
  Destination:       seg_clk (PAD)
  Source Clock:      clk_100mhz rising

  Data Path: U6/M2/s_clk to seg_clk
                                Gate     Net
    Cell:in->out      fanout   Delay   Delay  Logical Name (Net Name)
    ----------------------------------------  ------------
     FDC:C->Q             10   0.236   0.389  M2/s_clk (seg_clk)
     end scope: 'U6:seg_clk'
     OBUF:I->O                 0.000          seg_clk_OBUF (seg_clk)
    ----------------------------------------
    Total                      0.625ns (0.236ns logic, 0.389ns route)
                                       (37.7% logic, 62.3% route)

=========================================================================

Cross Clock Domains Report:
--------------------------

Clock to Setup on destination clock M4/push
---------------+---------+---------+---------+---------+
               | Src:Rise| Src:Fall| Src:Rise| Src:Fall|
Source Clock   |Dest:Rise|Dest:Rise|Dest:Fall|Dest:Fall|
---------------+---------+---------+---------+---------+
M4/push        |    1.069|         |         |         |
U9/clk1        |    0.818|         |         |         |
clk_100mhz     |    1.340|         |         |         |
---------------+---------+---------+---------+---------+

Clock to Setup on destination clock U9/clk1
---------------+---------+---------+---------+---------+
               | Src:Rise| Src:Fall| Src:Rise| Src:Fall|
Source Clock   |Dest:Rise|Dest:Rise|Dest:Fall|Dest:Fall|
---------------+---------+---------+---------+---------+
U9/clk1        |    2.152|         |         |         |
clk_100mhz     |    1.292|         |         |         |
---------------+---------+---------+---------+---------+

Clock to Setup on destination clock XLXN_17<1>
---------------+---------+---------+---------+---------+
               | Src:Rise| Src:Fall| Src:Rise| Src:Fall|
Source Clock   |Dest:Rise|Dest:Rise|Dest:Fall|Dest:Fall|
---------------+---------+---------+---------+---------+
XLXN_17<1>     |    1.876|    0.633|         |         |
---------------+---------+---------+---------+---------+

Clock to Setup on destination clock clk_100mhz
---------------+---------+---------+---------+---------+
               | Src:Rise| Src:Fall| Src:Rise| Src:Fall|
Source Clock   |Dest:Rise|Dest:Rise|Dest:Fall|Dest:Fall|
---------------+---------+---------+---------+---------+
M4/push        |    1.928|         |         |         |
U9/clk1        |    1.100|         |         |         |
clk_100mhz     |    4.562|         |         |         |
---------------+---------+---------+---------+---------+

=========================================================================


Total REAL time to Xst completion: 9.00 secs
Total CPU time to Xst completion: 9.31 secs
 
--> 

Total memory usage is 413548 kilobytes

Number of errors   :    0 (   0 filtered)
Number of warnings :   76 (   0 filtered)
Number of infos    :   10 (   0 filtered)

